// Jest Snapshot v1, https://goo.gl/fbAQLP

exports[`renders the UI as expected 1`] = `
Array [
  <nav
    className="navbar"
    role="navigation"
  >
    <ul
      className="navbar-list"
    >
      <li>
        <a
          href="/"
          onClick={[Function]}
        >
          Home
        </a>
      </li>
      <li>
        <a
          href="/register"
          onClick={[Function]}
        >
          Register
        </a>
      </li>
      <li>
        <a
          href="/login"
          onClick={[Function]}
        >
          Login
        </a>
      </li>
    </ul>
  </nav>,
  <h2>
    Please select income or debt.
  </h2>,
  <form
    className="input-form"
    onSubmit={[Function]}
  >
    <h3>
      Type
    </h3>
    <select
      name="input_type"
      onChange={[Function]}
    >
      <option
        value=""
      />
      <option
        value="income"
      >
        Incomes
      </option>
      <option
        value="debt"
      >
        Debts
      </option>
    </select>
    <fieldset
      className="amount"
    >
      <label
        htmlFor="amount"
      >
        <h3>
          Amount
        </h3>
      </label>
      <input
        name="amount"
        placeholder="$0"
        type="number"
      />
    </fieldset>
    <fieldset
      className="description"
    >
      <label
        htmlFor="description"
      >
        <h3>
          Description
        </h3>
      </label>
      <textarea
        name="description"
        placeholder="Describe your transaction"
      />
    </fieldset>
    <button
      className="input-button"
      type="submit"
    >
      Save
    </button>
  </form>,
]
`;
