// Jest Snapshot v1, https://goo.gl/fbAQLP

exports[`renders the UI as expected 1`] = `
<main
  className="App"
>
  <nav
    className="navbar"
    role="navigation"
  >
    <ul
      className="navbar-list"
    >
      <li>
        <a
          href="/"
          onClick={[Function]}
        >
          Home
        </a>
      </li>
      <li>
        <a
          href="/register"
          onClick={[Function]}
        >
          Register
        </a>
      </li>
      <li>
        <a
          href="/login"
          onClick={[Function]}
        >
          Login
        </a>
      </li>
    </ul>
  </nav>
  <header
    role="banner"
  >
    <h1>
      Pocket Book!
    </h1>
    <h2>
      Keep track of your finances.
    </h2>
    <h3>
      Calculate your left over income after bills and expenditures.
    </h3>
  </header>
  <section
    className="demo-login"
  >
    <p>
      Test out the site with our demo account!
    </p>
    <p>
      Username: demo
    </p>
    <p>
      Password: Demo123!
    </p>
  </section>
</main>
`;
